[backblue.gif]
[fade.gif]
[index.html]
[muselee.weebly.com/uploads/4/4/7/8/44783487/1420719348.png]
[cdn2.editmysite.com/css/sites9f69.css]
[cdn1.editmysite.com/editor/libraries/fancybox/fancybox78c5.css]
[muselee.weebly.com/files/main_style99bd.css]
[muselee.weebly.com/uploads/4/4/7/8/44783487/header_images/1420870662.jpg]
[ajax.googleapis.com/ajax/libs/jquery/1.7.2/jquery.min.js]
[cdn2.editmysite.com/js/site/main9f69.js]
[cdn2.editmysite.com/js/site/footerSignup5d08.js]
[ajax.googleapis.com/ajax/libs/jquery/1.8.3/jquery.min.js]
[muselee.weebly.com/index.html]
[pixel.quantserve.com/pixel/p-0dYLvhSGGqUWo3421.gif]
[cdn2.editmysite.com/images/common/buttons/small_greyee4c.png]
[cdn2.editmysite.com/images/common/buttons/small_blueee4c.png]
[cdn2.editmysite.com/images/common/buttons/large_greyee4c.png]
[cdn2.editmysite.com/images/common/buttons/large_blueee4c.png]
[cdn2.editmysite.com/images/common/search-lightee4c.png]
[cdn2.editmysite.com/images/common/social_iconsee4c.png]
[cdn2.editmysite.com/images/common/blog/blog-comment-buttonee4c.png]
[cdn2.editmysite.com/images/common/blog/blog-comment-headeree4c.png]
[cdn2.editmysite.com/images/common/blog/blog-comment-pointeree4c.png]
[cdn2.editmysite.com/images/common/blog/blog-comment-linkee4c.png]
[cdn2.editmysite.com/images/common/blog/blog-comment-header-authoree4c.png]
[cdn2.editmysite.com/images/common/blog/blog-comment-pointer-authoree4c.png]
[cdn2.editmysite.com/images/common/blog/blog-comment-field-bgee4c.png]
[cdn2.editmysite.com/images/common/blog/dark-blog-comment-headeree4c.png]
[cdn2.editmysite.com/images/common/blog/dark-blog-comment-pointeree4c.png]
[cdn2.editmysite.com/images/common/blog/dark-blog-comment-header-authoree4c.png]
[cdn2.editmysite.com/images/common/blog/dark-blog-comment-pointer-authoree4c.png]
[cdn2.editmysite.com/images/common/blog/dark-blog-comment-linkee4c.png]
[cdn2.editmysite.com/images/util/general/blank379a.gif]
[cdn2.editmysite.com/images/common/lightbox/prevlabelee4c.gif]
[cdn2.editmysite.com/images/common/lightbox/nextlabelee4c.gif]
[cdn2.editmysite.com/sprites/util/inputs/checkmarkBox-s7868418152.png]
[cdn2.editmysite.com/sprites/util/inputs/checkmarkBox/@2x-s211a47d318.png]
[cdn2.editmysite.com/images/util/inputs/search-input-bg379a.jpg]
[cdn2.editmysite.com/images/common/magnifying-glassee4c.png]
[cdn2.editmysite.com/images/common/checkmarks/checkmark-miniee4c.png]
[cdn2.editmysite.com/images/common/checkmarks/@2x/checkmark-miniee4c.png]
[cdn2.editmysite.com/images/common/search-pagination-bgee4c.png]
[cdn2.editmysite.com/images/util/general/top-triangle-000379a.png]
[cdn2.editmysite.com/images/util/general/bottom-triangle-000379a.png]
[cdn2.editmysite.com/images/util/general/top-triangle-000@2x379a.png]
[cdn2.editmysite.com/images/util/general/bottom-triangle-000@2x379a.png]
[cdn2.editmysite.com/sprites/common/social-icons-sfee29aebef.png]
[cdn2.editmysite.com/sprites/common/social-icons/@2x-sec9c934402.png]
[cdn2.editmysite.com/sprites/site/mini-cart-s86c48effae.png]
[cdn2.editmysite.com/sprites/site/mini-cart/@2x-s576cbc3f90.png]
[cdn2.editmysite.com/images/loading5f45.gif]
[cdn2.editmysite.com/sprites/site/mobile/commerce-sdf6d4e852c.png]
[cdn2.editmysite.com/sprites/site/mobile/commerce/@2x-s82f968c453.png]
[cdn2.editmysite.com/images/site/checkout/paypal379a.png]
[cdn2.editmysite.com/images/site/checkout/@2x/paypal379a.png]
[cdn2.editmysite.com/images/site/checkout/credit-cards379a.png]
[cdn2.editmysite.com/images/site/checkout/@2x/credit-cards379a.png]
[cdn2.editmysite.com/images/site/checkout/print379a.png]
[cdn2.editmysite.com/images/site/checkout/print@2x379a.png]
[cdn2.editmysite.com/images/vendor/select2/select2379a.png]
[cdn2.editmysite.com/images/vendor/select2/select2-spinner379a.gif]
[cdn2.editmysite.com/images/vendor/select2/select2x2379a.png]
[cdn2.editmysite.com/images/util/spinner/spinner-dark379a.png]
[cdn2.editmysite.com/images/util/spinner/spinner-light379a.png]
[cdn2.editmysite.com/images/util/loading-white-w24379a.gif]
[cdn2.editmysite.com/images/common/form_input_bgee4c.gif]
[cdn2.editmysite.com/sprites/site/forms-s3786257308.png]
[cdn2.editmysite.com/sprites/site/forms/@2x-s47607b315a.png]
[cdn2.editmysite.com/images/blankee4c.gif]
[cdn2.editmysite.com/sprites/site/footer-s48158ed9f7.png]
[cdn2.editmysite.com/sprites/site/footer/@2x-s398696b4d5.png]
[cdn2.editmysite.com/css/sites9f69.css]
[cdn1.editmysite.com/editor/libraries/fancybox/fancybox_sprite.png]
[cdn1.editmysite.com/editor/libraries/fancybox/fancybox_loading.gif]
[cdn1.editmysite.com/editor/libraries/fancybox/blank.gif]
[cdn1.editmysite.com/editor/libraries/fancybox/fancybox_overlay.png]
[cdn1.editmysite.com/editor/libraries/fancybox/fancybox78c5.css]
[muselee.weebly.com/files/theme/body-bg99bd.jpg]
[muselee.weebly.com/files/theme/social-icons99bd.png]
[muselee.weebly.com/files/theme/search-bg99bd.gif]
[muselee.weebly.com/files/theme/search-button99bd.gif]
[muselee.weebly.com/files/theme/saperator99bd.png]
[muselee.weebly.com/files/theme/banner-tall99bd.jpg]
[muselee.weebly.com/files/theme/banner-short99bd.jpg]
[muselee.weebly.com/files/theme/banner-landing99bd.jpg]
[muselee.weebly.com/files/theme/corner-top-left99bd.png]
[muselee.weebly.com/files/theme/corner-top-right99bd.png]
[muselee.weebly.com/files/theme/corner-bottom-left99bd.png]
[muselee.weebly.com/files/theme/corner-bottom-right99bd.png]
[muselee.weebly.com/files/theme/bullet99bd.png]
[muselee.weebly.com/files/theme/footer-bullet99bd.gif]
[muselee.weebly.com/files/main_style99bd.css]
[cdn2.editmysite.com/js/site/main9f69.js]
[cdn2.editmysite.com/css/sitesb1ea.css]
[muselee.weebly.com/uploads/4/4/7/8/44783487/header_images/1420870710.jpg]
[cdn2.editmysite.com/js/site/mainb1ea.js]
[muselee.weebly.com/about.html]
[muselee.weebly.com/uploads/4/4/7/8/44783487/header_images/1422432666.jpg]
[muselee.weebly.com/as-know-as.html]
[muselee.weebly.com/uploads/4/4/7/8/44783487/header_images/1420729729.jpg]
[muselee.weebly.com/contact.html]
[cdn2.editmysite.com/js/site/footerSignup5d08.js]
[muselee.weebly.com/mustache.html]
[muselee.weebly.com/formSubmit.html]
[muselee.weebly.com/formSubmitAjax.html]
[muselee.weebly.com/o.html]
[cdn2.editmysite.com/css/sitesb1ea.css]
[cdn2.editmysite.com/js/site/mainb1ea.js]
